// Jest Snapshot v1, https://goo.gl/fbAQLP

exports[`Logo component should render alt text 1`] = `"Twitter Logo"`;

exports[`Logo component should render image 1`] = `
<Logo__LogoStyle
  alt="Twitter Logo"
  src="test-file-stub"
/>
`;
